Create directory /tmp/w165/novelty_n1000/framework/tmp/
easy-search /tmp/w158/lineageflow_real_fastas/framework.fasta pfam_a_targetDB /tmp/w165/novelty_n1000/framework/full.m8 /tmp/w165/novelty_n1000/framework/tmp/ 

MMseqs Version:                        	c77b5afa910bec52c784566e378cb6ebd3d0d453
Substitution matrix                    	aa:blosum62.out,nucl:nucleotide.out
Add backtrace                          	false
Alignment mode                         	3
Alignment mode                         	0
Allow wrapped scoring                  	false
E-value threshold                      	0.001
Seq. id. threshold                     	0
Min alignment length                   	0
Seq. id. mode                          	0
Alternative alignments                 	0
Coverage threshold                     	0
Coverage mode                          	0
Max sequence length                    	65535
Compositional bias                     	1
Compositional bias scale               	1
Max reject                             	2147483647
Max accept                             	2147483647
Include identical seq. id.             	false
Preload mode                           	0
Pseudo count a                         	substitution:1.100,context:1.400
Pseudo count b                         	substitution:4.100,context:5.800
Score bias                             	0
Realign hits                           	false
Realign score bias                     	-0.2
Realign max seqs                       	2147483647
Correlation score weight               	0
Gap open cost                          	aa:11,nucl:5
Gap extension cost                     	aa:1,nucl:2
Zdrop                                  	40
Threads                                	32
Compressed                             	0
Verbosity                              	3
Seed substitution matrix               	aa:VTML80.out,nucl:nucleotide.out
Sensitivity                            	5.7
k-mer length                           	0
Target search mode                     	0
k-score                                	seq:2147483647,prof:2147483647
Alphabet size                          	aa:21,nucl:5
Max results per query                  	300
Split database                         	0
Split mode                             	2
Split memory limit                     	0
Diagonal scoring                       	true
Exact k-mer matching                   	0
Mask residues                          	1
Mask residues probability              	0.9
Mask lower case residues               	0
Mask lower letter repeating N times    	0
Minimum diagonal score                 	15
Selected taxa                          	
Spaced k-mers                          	1
Spaced k-mer pattern                   	
Local temporary path                   	
Use GPU                                	0
Use GPU server                         	0
Wait for GPU server                    	600
Prefilter mode                         	0
Rescore mode                           	0
Remove hits by seq. id. and coverage   	false
Sort results                           	0
Mask profile                           	1
Profile E-value threshold              	0.001
Global sequence weighting              	false
Allow deletions                        	false
Filter MSA                             	1
Use filter only at N seqs              	0
Maximum seq. id. threshold             	0.9
Minimum seq. id.                       	0.0
Minimum score per column               	-20
Minimum coverage                       	0
Select N most diverse seqs             	1000
Pseudo count mode                      	0
Profile output mode                    	0
Min codons in orf                      	30
Max codons in length                   	32734
Max orf gaps                           	2147483647
Contig start mode                      	2
Contig end mode                        	2
Orf start mode                         	1
Forward frames                         	1,2,3
Reverse frames                         	1,2,3
Translation table                      	1
Translate orf                          	0
Use all table starts                   	false
Offset of numeric ids                  	0
Create lookup                          	0
Overlap between sequences              	0
Sequence split mode                    	1
Header split mode                      	0
Chain overlapping alignments           	0
Merge query                            	1
Search type                            	0
Search iterations                      	1
Start sensitivity                      	4
Search steps                           	1
Exhaustive search mode                 	false
Filter results during exhaustive search	0
Strand selection                       	1
LCA search mode                        	false
Disk space limit                       	0
MPI runner                             	
Force restart with latest tmp          	false
Remove temporary files                 	true
Translation mode                       	0
Alignment format                       	0
Format alignment output                	query,target,fident,alnlen,mismatch,gapopen,qstart,qend,tstart,tend,evalue,bits
Database output                        	false
Overlap threshold                      	0
Database type                          	0
Shuffle input database                 	true
Createdb mode                          	0
Write lookup file                      	0
Report mode                            	2
Greedy best hits                       	false

createdb /tmp/w158/lineageflow_real_fastas/framework.fasta /tmp/w165/novelty_n1000/framework/tmp//10177733515274946263/query 

Converting sequences
[
Time for merging to query_h: 0h 0m 0s 0ms
Time for merging to query: 0h 0m 0s 0ms
Database type: Aminoacid
Time for processing: 0h 0m 0s 15ms
Create directory /tmp/w165/novelty_n1000/framework/tmp//10177733515274946263/search_tmp
search /tmp/w165/novelty_n1000/framework/tmp//10177733515274946263/query pfam_a_targetDB /tmp/w165/novelty_n1000/framework/tmp//10177733515274946263/result /tmp/w165/novelty_n1000/framework/tmp//10177733515274946263/search_tmp --alignment-mode 3 -s 5.7 --remove-tmp-files 1 

prefilter /tmp/w165/novelty_n1000/framework/tmp//10177733515274946263/query pfam_a_targetDB.idx /tmp/w165/novelty_n1000/framework/tmp//10177733515274946263/search_tmp/7208783119312781353/pref_0 --sub-mat 'aa:blosum62.out,nucl:nucleotide.out' --seed-sub-mat 'aa:VTML80.out,nucl:nucleotide.out' -k 0 --target-search-mode 0 --k-score seq:2147483647,prof:2147483647 --alph-size aa:21,nucl:5 --max-seq-len 65535 --max-seqs 300 --split 0 --split-mode 2 --split-memory-limit 0 -c 0 --cov-mode 0 --comp-bias-corr 1 --comp-bias-corr-scale 1 --diag-score 1 --exact-kmer-matching 0 --mask 1 --mask-prob 0.9 --mask-lower-case 0 --mask-n-repeat 0 --min-ungapped-score 15 --add-self-matches 0 --spaced-kmer-mode 1 --db-load-mode 0 --pca substitution:1.100,context:1.400 --pcb substitution:4.100,context:5.800 --threads 32 --compressed 0 -v 3 -s 5.7 

Index version: 16
Generated by:  c77b5afa910bec52c784566e378cb6ebd3d0d453
ScoreMatrix:  VTML80.out
Query database size: 1000 type: Aminoacid
Target split mode. Searching through 3 splits
Estimated memory consumption: 66G
Target database size: 63811783 type: Aminoacid
Process prefiltering step 1 of 3

k-mer similarity threshold: 122
Starting prefiltering scores calculation (step 1 of 3)
Query db start 1 to 1000
Target db start 1 to 21227543
[=================================================================] 1.00K 4s 916ms

8656.075313 k-mers per position
640606 DB matches per sequence
0 overflows
140 sequences passed prefiltering per query sequence
140 median result list length
0 sequences with 0 size result lists
Time for merging to pref_0_tmp_0: 0h 0m 0s 0ms
Time for merging to pref_0_tmp_0_tmp: 0h 0m 0s 2ms
Process prefiltering step 2 of 3

k-mer similarity threshold: 122
Starting prefiltering scores calculation (step 2 of 3)
Query db start 1 to 1000
Target db start 21227544 to 42484767
[=================================================================] 1.00K 4s 913ms

8656.075313 k-mers per position
641309 DB matches per sequence
0 overflows
140 sequences passed prefiltering per query sequence
140 median result list length
0 sequences with 0 size result lists
Time for merging to pref_0_tmp_1: 0h 0m 0s 1ms
Time for merging to pref_0_tmp_1_tmp: 0h 0m 0s 5ms
Process prefiltering step 3 of 3

k-mer similarity threshold: 122
Starting prefiltering scores calculation (step 3 of 3)
Query db start 1 to 1000
Target db start 42484768 to 63811783
[=================================================================] 1.00K 5s 916ms

8656.075313 k-mers per position
641005 DB matches per sequence
0 overflows
140 sequences passed prefiltering per query sequence
140 median result list length
0 sequences with 0 size result lists
Time for merging to pref_0_tmp_2: 0h 0m 0s 0ms
Time for merging to pref_0_tmp_2_tmp: 0h 0m 0s 1ms
Merging 3 target splits to pref_0
Preparing offsets for merging: 0h 0m 0s 0ms
[===============================================================] 1.00K 0s 28ms
==Time for merging to pref_0: 0h 0m 0s 9ms
Time for merging target splits: 0h 0m 0s 50ms
Time for merging to pref_0_tmp: 0h 0m 0s 22ms
Time for processing: 0h 0m 50s 649ms
align /tmp/w165/novelty_n1000/framework/tmp//10177733515274946263/query pfam_a_targetDB.idx /tmp/w165/novelty_n1000/framework/tmp//10177733515274946263/search_tmp/7208783119312781353/pref_0 /tmp/w165/novelty_n1000/framework/tmp//10177733515274946263/result --sub-mat 'aa:blosum62.out,nucl:nucleotide.out' -a 0 --alignment-mode 3 --alignment-output-mode 0 --wrapped-scoring 0 -e 0.001 --min-seq-id 0 --min-aln-len 0 --seq-id-mode 0 --alt-ali 0 -c 0 --cov-mode 0 --max-seq-len 65535 --comp-bias-corr 1 --comp-bias-corr-scale 1 --max-rejected 2147483647 --max-accept 2147483647 --add-self-matches 0 --db-load-mode 0 --pca substitution:1.100,context:1.400 --pcb substitution:4.100,context:5.800 --score-bias 0 --realign 0 --realign-score-bias -0.2 --realign-max-seqs 2147483647 --corr-score-weight 0 --gap-open aa:11,nucl:5 --gap-extend aa:1,nucl:2 --zdrop 40 --threads 32 --compressed 0 -v 3 

Index version: 16
Generated by:  c77b5afa910bec52c784566e378cb6ebd3d0d453
ScoreMatrix:  VTML80.out
Compute score, coverage and sequence identity
Query database size: 1000 type: Aminoacid
Target database size: 63811783 type: Aminoacid
Calculation of alignments
[=================================================================] 1.00K 0s 316ms
Time for merging to result: 0h 0m 0s 0ms
420000 alignments calculated
0 sequence pairs passed the thresholds (0.000000 of overall calculated)
0.000000 hits per query sequence
Time for processing: 0h 0m 7s 308ms
rmdb /tmp/w165/novelty_n1000/framework/tmp//10177733515274946263/search_tmp/7208783119312781353/pref_0 -v 3 

Time for processing: 0h 0m 0s 1ms
rmdb /tmp/w165/novelty_n1000/framework/tmp//10177733515274946263/search_tmp/7208783119312781353/aln_0 -v 3 

Time for processing: 0h 0m 0s 0ms
rmdb /tmp/w165/novelty_n1000/framework/tmp//10177733515274946263/search_tmp/7208783119312781353/input_0 -v 3 

Time for processing: 0h 0m 0s 0ms
rmdb /tmp/w165/novelty_n1000/framework/tmp//10177733515274946263/search_tmp/7208783119312781353/aln_merge -v 3 

Time for processing: 0h 0m 0s 0ms
convertalis /tmp/w165/novelty_n1000/framework/tmp//10177733515274946263/query pfam_a_targetDB.idx /tmp/w165/novelty_n1000/framework/tmp//10177733515274946263/result /tmp/w165/novelty_n1000/framework/full.m8 --sub-mat 'aa:blosum62.out,nucl:nucleotide.out' --format-mode 0 --format-output query,target,fident,alnlen,mismatch,gapopen,qstart,qend,tstart,tend,evalue,bits --translation-table 1 --gap-open aa:11,nucl:5 --gap-extend aa:1,nucl:2 --db-output 0 --db-load-mode 0 --search-type 0 --threads 32 --compressed 0 -v 3 

Index version: 16
Generated by:  c77b5afa910bec52c784566e378cb6ebd3d0d453
ScoreMatrix:  VTML80.out
Index version: 16
Generated by:  c77b5afa910bec52c784566e378cb6ebd3d0d453
ScoreMatrix:  VTML80.out
[=================================================================] 1.00K 0s 8ms
Time for merging to full.m8: 0h 0m 0s 0ms
Time for processing: 0h 0m 3s 425ms
rmdb /tmp/w165/novelty_n1000/framework/tmp//10177733515274946263/result -v 3 

Time for processing: 0h 0m 0s 0ms
rmdb /tmp/w165/novelty_n1000/framework/tmp//10177733515274946263/query -v 3 

Time for processing: 0h 0m 0s 0ms
rmdb /tmp/w165/novelty_n1000/framework/tmp//10177733515274946263/query_h -v 3 

Time for processing: 0h 0m 0s 0ms
