createdb /tmp/w163/novelty_n1000/framework/tmp/queries.fasta /tmp/w163/novelty_n1000/framework/tmp/qdb 

MMseqs Version:                    	c77b5afa910bec52c784566e378cb6ebd3d0d453
Database type                      	0
Shuffle input database             	true
Createdb mode                      	0
Write lookup file                  	1
Offset of numeric ids              	0
Threads                            	32
Compressed                         	0
Mask residues                      	0
Mask residues probability          	0.9
Mask lower case residues           	0
Mask lower letter repeating N times	0
Use GPU                            	0
Verbosity                          	3

Converting sequences
[
Time for merging to qdb_h: 0h 0m 0s 0ms
Time for merging to qdb: 0h 0m 0s 0ms
Database type: Aminoacid
Time for processing: 0h 0m 0s 14ms
search /tmp/w163/novelty_n1000/framework/tmp/qdb data/lineageflow_upstream/databases/pfam35/pfam_holdout_targetDB /tmp/w163/novelty_n1000/framework/tmp/rdb /tmp/w163/novelty_n1000/framework/tmp --threads 8 -s 7.5 --max-seqs 10 

MMseqs Version:                        	c77b5afa910bec52c784566e378cb6ebd3d0d453
Substitution matrix                    	aa:blosum62.out,nucl:nucleotide.out
Add backtrace                          	false
Alignment mode                         	2
Alignment mode                         	0
Allow wrapped scoring                  	false
E-value threshold                      	0.001
Seq. id. threshold                     	0
Min alignment length                   	0
Seq. id. mode                          	0
Alternative alignments                 	0
Coverage threshold                     	0
Coverage mode                          	0
Max sequence length                    	65535
Compositional bias                     	1
Compositional bias scale               	1
Max reject                             	2147483647
Max accept                             	2147483647
Include identical seq. id.             	false
Preload mode                           	0
Pseudo count a                         	substitution:1.100,context:1.400
Pseudo count b                         	substitution:4.100,context:5.800
Score bias                             	0
Realign hits                           	false
Realign score bias                     	-0.2
Realign max seqs                       	2147483647
Correlation score weight               	0
Gap open cost                          	aa:11,nucl:5
Gap extension cost                     	aa:1,nucl:2
Zdrop                                  	40
Threads                                	8
Compressed                             	0
Verbosity                              	3
Seed substitution matrix               	aa:VTML80.out,nucl:nucleotide.out
Sensitivity                            	7.5
k-mer length                           	0
Target search mode                     	0
k-score                                	seq:2147483647,prof:2147483647
Alphabet size                          	aa:21,nucl:5
Max results per query                  	10
Split database                         	0
Split mode                             	2
Split memory limit                     	0
Diagonal scoring                       	true
Exact k-mer matching                   	0
Mask residues                          	1
Mask residues probability              	0.9
Mask lower case residues               	0
Mask lower letter repeating N times    	0
Minimum diagonal score                 	15
Selected taxa                          	
Spaced k-mers                          	1
Spaced k-mer pattern                   	
Local temporary path                   	
Use GPU                                	0
Use GPU server                         	0
Wait for GPU server                    	600
Prefilter mode                         	0
Rescore mode                           	0
Remove hits by seq. id. and coverage   	false
Sort results                           	0
Mask profile                           	1
Profile E-value threshold              	0.1
Global sequence weighting              	false
Allow deletions                        	false
Filter MSA                             	1
Use filter only at N seqs              	0
Maximum seq. id. threshold             	0.9
Minimum seq. id.                       	0.0
Minimum score per column               	-20
Minimum coverage                       	0
Select N most diverse seqs             	1000
Pseudo count mode                      	0
Profile output mode                    	0
Min codons in orf                      	30
Max codons in length                   	32734
Max orf gaps                           	2147483647
Contig start mode                      	2
Contig end mode                        	2
Orf start mode                         	1
Forward frames                         	1,2,3
Reverse frames                         	1,2,3
Translation table                      	1
Translate orf                          	0
Use all table starts                   	false
Offset of numeric ids                  	0
Create lookup                          	0
Overlap between sequences              	0
Sequence split mode                    	1
Header split mode                      	0
Chain overlapping alignments           	0
Merge query                            	1
Search type                            	0
Search iterations                      	1
Start sensitivity                      	4
Search steps                           	1
Exhaustive search mode                 	false
Filter results during exhaustive search	0
Strand selection                       	1
LCA search mode                        	false
Disk space limit                       	0
MPI runner                             	
Force restart with latest tmp          	false
Remove temporary files                 	false
Translation mode                       	0

prefilter /tmp/w163/novelty_n1000/framework/tmp/qdb data/lineageflow_upstream/databases/pfam35/pfam_holdout_targetDB /tmp/w163/novelty_n1000/framework/tmp/17312208049378910268/pref_0 --sub-mat 'aa:blosum62.out,nucl:nucleotide.out' --seed-sub-mat 'aa:VTML80.out,nucl:nucleotide.out' -k 0 --target-search-mode 0 --k-score seq:2147483647,prof:2147483647 --alph-size aa:21,nucl:5 --max-seq-len 65535 --max-seqs 10 --split 0 --split-mode 2 --split-memory-limit 0 -c 0 --cov-mode 0 --comp-bias-corr 1 --comp-bias-corr-scale 1 --diag-score 1 --exact-kmer-matching 0 --mask 1 --mask-prob 0.9 --mask-lower-case 0 --mask-n-repeat 0 --min-ungapped-score 15 --add-self-matches 0 --spaced-kmer-mode 1 --db-load-mode 0 --pca substitution:1.100,context:1.400 --pcb substitution:4.100,context:5.800 --threads 8 --compressed 0 -v 3 -s 7.5 

Query database size: 1000 type: Aminoacid
Estimated memory consumption: 978M
Target database size: 200 type: Aminoacid
Index table k-mer threshold: 96 at k-mer size 6 
Index table: counting k-mers
[=================================================================] 200 0s 3ms
Index table: Masked residues: 881
Index table: fill
[=================================================================] 200 0s 5ms
Index statistics
Entries:          76887
DB size:          488 MB
Avg k-mer size:   0.001201
Top 10 k-mers
    NSLPYA	11
    FISADL	10
    TVNFSL	10
    VDYAHP	10
    ASMLIS	10
    IIGFCW	10
    NSIPYA	9
    REKALG	9
    FINADL	9
    YLNADL	9
Time for index table init: 0h 0m 0s 455ms
Process prefiltering step 1 of 1

k-mer similarity threshold: 96
Starting prefiltering scores calculation (step 1 of 1)
Query db start 1 to 1000
Target db start 1 to 200
[=================================================================] 1.00K 0s 553ms

3781.340550 k-mers per position
207 DB matches per sequence
0 overflows
2 sequences passed prefiltering per query sequence
2 median result list length
195 sequences with 0 size result lists
Time for merging to pref_0: 0h 0m 0s 0ms
Time for processing: 0h 0m 1s 455ms
align /tmp/w163/novelty_n1000/framework/tmp/qdb data/lineageflow_upstream/databases/pfam35/pfam_holdout_targetDB /tmp/w163/novelty_n1000/framework/tmp/17312208049378910268/pref_0 /tmp/w163/novelty_n1000/framework/tmp/rdb --sub-mat 'aa:blosum62.out,nucl:nucleotide.out' -a 0 --alignment-mode 2 --alignment-output-mode 0 --wrapped-scoring 0 -e 0.001 --min-seq-id 0 --min-aln-len 0 --seq-id-mode 0 --alt-ali 0 -c 0 --cov-mode 0 --max-seq-len 65535 --comp-bias-corr 1 --comp-bias-corr-scale 1 --max-rejected 2147483647 --max-accept 2147483647 --add-self-matches 0 --db-load-mode 0 --pca substitution:1.100,context:1.400 --pcb substitution:4.100,context:5.800 --score-bias 0 --realign 0 --realign-score-bias -0.2 --realign-max-seqs 2147483647 --corr-score-weight 0 --gap-open aa:11,nucl:5 --gap-extend aa:1,nucl:2 --zdrop 40 --threads 8 --compressed 0 -v 3 

Compute score and coverage
Query database size: 1000 type: Aminoacid
Target database size: 200 type: Aminoacid
Calculation of alignments
[=================================================================] 1.00K 0s 5ms
Time for merging to rdb: 0h 0m 0s 0ms
2277 alignments calculated
0 sequence pairs passed the thresholds (0.000000 of overall calculated)
0.000000 hits per query sequence
Time for processing: 0h 0m 0s 7ms
convertalis /tmp/w163/novelty_n1000/framework/tmp/qdb data/lineageflow_upstream/databases/pfam35/pfam_holdout_targetDB /tmp/w163/novelty_n1000/framework/tmp/rdb /tmp/w163/novelty_n1000/framework/tmp/hits.tsv --threads 8 --format-output query,target,fident,alnlen,qlen,tlen,evalue,bits 

MMseqs Version:        	c77b5afa910bec52c784566e378cb6ebd3d0d453
Substitution matrix    	aa:blosum62.out,nucl:nucleotide.out
Alignment format       	0
Format alignment output	query,target,fident,alnlen,qlen,tlen,evalue,bits
Translation table      	1
Gap open cost          	aa:11,nucl:5
Gap extension cost     	aa:1,nucl:2
Database output        	false
Preload mode           	0
Search type            	0
Threads                	8
Compressed             	0
Verbosity              	3

[=================================================================] 1.00K 0s 0ms
Time for merging to hits.tsv: 0h 0m 0s 0ms
Time for processing: 0h 0m 0s 2ms
